[colorlib.com/polygon/elaadmin/index.html]
[backblue.gif]
[fade.gif]
[index.html]
[colorlib.com/polygon/elaadmin/images/favicon.png]
[colorlib.com/polygon/elaadmin/assets/css/normalize.css]
[colorlib.com/polygon/elaadmin/assets/css/bootstrap.min.css]
[colorlib.com/polygon/elaadmin/assets/css/font-awesome.min.css]
[colorlib.com/polygon/elaadmin/assets/css/themify-icons.css]
[colorlib.com/polygon/elaadmin/assets/css/pe-icon-7-filled.css]
[colorlib.com/polygon/elaadmin/assets/weather/css/weather-icons.css]
[colorlib.com/polygon/elaadmin/assets/calendar/fullcalendar.css]
[colorlib.com/polygon/elaadmin/assets/css/style.css]
[colorlib.com/polygon/elaadmin/assets/css/charts/chartist.min.css]
[colorlib.com/polygon/elaadmin/index.html]
[colorlib.com/polygon/elaadmin/assets/css/normalize.css]
[colorlib.com/polygon/elaadmin/assets/css/bootstrap.min.css]
[colorlib.com/polygon/elaadmin/assets/css/lib/vector-map/jqvmap.min.css]
[colorlib.com/polygon/elaadmin/assets/fonts/fontawesome-webfont3e6e.eot]
[colorlib.com/polygon/elaadmin/assets/fonts/fontawesome-webfontd41d.eot]
[colorlib.com/polygon/elaadmin/assets/fonts/fontawesome-webfont3e6e.woff2]
[colorlib.com/polygon/elaadmin/assets/fonts/fontawesome-webfont3e6e.woff]
[colorlib.com/polygon/elaadmin/assets/fonts/fontawesome-webfont3e6e.ttf]
[colorlib.com/polygon/elaadmin/assets/css/font-awesome.min.css]
[colorlib.com/polygon/elaadmin/assets/fonts/themify9f24.eot]
[colorlib.com/polygon/elaadmin/assets/fonts/fontawesome-webfont3e6e.svg]
[colorlib.com/polygon/elaadmin/assets/fonts/themifyd41d.eot]
[colorlib.com/polygon/elaadmin/assets/fonts/themify9f24.woff]
[colorlib.com/polygon/elaadmin/assets/fonts/themify9f24.ttf]
[colorlib.com/polygon/elaadmin/assets/css/themify-icons.css]
[colorlib.com/polygon/elaadmin/assets/fonts/themify9f24.svg]
[colorlib.com/polygon/elaadmin/assets/fonts/Pe-icon-7-filled74da.eot]
[colorlib.com/polygon/elaadmin/assets/fonts/Pe-icon-7-filledd41d.eot]
[colorlib.com/polygon/elaadmin/assets/fonts/Pe-icon-7-filled74da.woff]
[colorlib.com/polygon/elaadmin/assets/fonts/Pe-icon-7-filled74da.ttf]
[colorlib.com/polygon/elaadmin/assets/css/pe-icon-7-filled.css]
[colorlib.com/polygon/elaadmin/assets/fonts/Pe-icon-7-filled74da.svg]
[colorlib.com/polygon/elaadmin/assets/weather/fonts/weathericons-regular-webfont.eot]
[colorlib.com/polygon/elaadmin/assets/weather/fonts/weathericons-regular-webfontd41d.eot]
[colorlib.com/polygon/elaadmin/assets/weather/fonts/weathericons-regular-webfont.woff2]
[colorlib.com/polygon/elaadmin/assets/weather/fonts/weathericons-regular-webfont.woff]
[colorlib.com/polygon/elaadmin/assets/weather/css/weather-icons.css]
[colorlib.com/polygon/elaadmin/assets/calendar/fullcalendar.css]
[colorlib.com/polygon/elaadmin/assets/weather/fonts/weathericons-regular-webfont.ttf]
[colorlib.com/polygon/elaadmin/assets/css/style.css]
[colorlib.com/polygon/elaadmin/assets/css/charts/chartist.min.css]
[colorlib.com/polygon/elaadmin/assets/css/lib/vector-map/jqvmap.min.css]
[colorlib.com/polygon/elaadmin/assets/fonts/fontawesome-webfont3e6e.svg]
[colorlib.com/polygon/elaadmin/assets/weather/fonts/weathericons-regular-webfont.svg]
[colorlib.com/polygon/elaadmin/assets/fonts/themify9f24.svg]
[colorlib.com/polygon/elaadmin/assets/fonts/Pe-icon-7-filled74da.svg]
[colorlib.com/polygon/elaadmin/assets/weather/fonts/weathericons-regular-webfont.svg]
